<?xml version="1.0" encoding="UTF-8"?>
<TestRun id="d08a19c1-b0b8-44df-ab34-0334baece9f9" name="Mark@MBP-WIN7 2010-08-05 20:25:29" runUser="MBP-Win7\Mark" xmlns="http://microsoft.com/schemas/VisualStudio/TeamTest/2010">
  <TestSettings name="Default Test Settings" id="3c244022-4ec5-4ce1-8fb4-12bd790bf7da">
    <Deployment runDeploymentRoot="Mark_MBP-WIN7 2010-08-05 20_25_29">
      <DeploymentItem filename="C:\Workspace\Simple.Data\Simple.Data\bin\Debug\Simple.Data.dll" />
    </Deployment>
    <Execution>
      <TestTypeSpecific />
      <AgentRule name="Execution Agents">
      </AgentRule>
    </Execution>
  </TestSettings>
  <Times creation="2010-08-05T20:25:29.2950000+01:00" queuing="2010-08-05T20:25:29.5140000+01:00" start="2010-08-05T20:25:29.5210000+01:00" finish="2010-08-05T20:25:29.8930000+01:00" />
  <ResultSummary outcome="Completed">
    <Counters total="1" executed="1" passed="1" error="0" failed="0" timeout="0" aborted="0" inconclusive="0" passedButRunAborted="0" notRunnable="0" notExecuted="0" disconnected="0" warning="0" completed="0" inProgress="0" pending="0" />
  </ResultSummary>
  <TestDefinitions>
    <UnitTest name="DynamicRecordDictionaryConstructorTest" storage="c:\workspace\simple.data\simple.data.test\bin\debug\simple.data.test.dll" id="5c2ab417-f0f8-d0d5-6690-93d779310f36">
      <Execution id="0c048d65-50a4-4d6c-92da-bb39ac92d78c" />
      <TestMethod codeBase="C:/Workspace/Simple.Data/Simple.Data.Test/bin/Debug/Simple.Data.Test.DLL" adapterTypeName="Microsoft.VisualStudio.TestTools.TestTypes.Unit.UnitTestAdapter, Microsoft.VisualStudio.QualityTools.Tips.UnitTest.Adapter, Version=10.0.0.0, Culture=neutral, PublicKeyToken=b03f5f7f11d50a3a" className="Simple.Data.Test.DynamicRecordTest, Simple.Data.Test, Version=1.0.0.0, Culture=neutral, PublicKeyToken=null" name="DynamicRecordDictionaryConstructorTest" />
    </UnitTest>
  </TestDefinitions>
  <TestLists>
    <TestList name="Results Not in a List" id="8c84fa94-04c1-424b-9868-57a2d4851a1d" />
    <TestList name="All Loaded Results" id="19431567-8539-422a-85d7-44ee4e166bda" />
  </TestLists>
  <TestEntries>
    <TestEntry testId="5c2ab417-f0f8-d0d5-6690-93d779310f36" executionId="0c048d65-50a4-4d6c-92da-bb39ac92d78c" testListId="8c84fa94-04c1-424b-9868-57a2d4851a1d" />
  </TestEntries>
  <Results>
    <UnitTestResult executionId="0c048d65-50a4-4d6c-92da-bb39ac92d78c" testId="5c2ab417-f0f8-d0d5-6690-93d779310f36" testName="DynamicRecordDictionaryConstructorTest" computerName="MBP-WIN7" duration="00:00:00.0468455" startTime="2010-08-05T20:25:29.5430000+01:00" endTime="2010-08-05T20:25:29.8660000+01:00" testType="13cdc9d9-ddb5-4fa4-a97d-d965ccfc6d4b" outcome="Passed" testListId="8c84fa94-04c1-424b-9868-57a2d4851a1d" relativeResultsDirectory="0c048d65-50a4-4d6c-92da-bb39ac92d78c">
    </UnitTestResult>
  </Results>
</TestRun>