<?xml version="1.0" encoding="UTF-8"?>
<TestRun id="8cd6fbd4-2760-4894-9cc6-5e4d5327d313" name="Mark@MBP-WIN7 2010-08-05 21:52:15" runUser="MBP-Win7\Mark" xmlns="http://microsoft.com/schemas/VisualStudio/TeamTest/2010">
  <TestSettings name="Local" id="9521515a-ca67-4474-a3a5-0f6218187ced">
    <Description>These are default test settings for a local test run.</Description>
    <Deployment enabled="false" runDeploymentRoot="Mark_MBP-WIN7 2010-08-05 21_52_15">
      <DeploymentItem filename="C:\Workspace\Simple.Data\Simple.Data\bin\Debug\Simple.Data.dll" />
    </Deployment>
    <Execution>
      <TestTypeSpecific />
      <AgentRule name="Execution Agents">
      </AgentRule>
    </Execution>
  </TestSettings>
  <Times creation="2010-08-05T21:52:15.8730000+01:00" queuing="2010-08-05T21:52:15.9240000+01:00" start="2010-08-05T21:52:15.9500000+01:00" finish="2010-08-05T21:52:16.5340000+01:00" />
  <ResultSummary outcome="Completed">
    <Counters total="9" executed="9" passed="9" error="0" failed="0" timeout="0" aborted="0" inconclusive="0" passedButRunAborted="0" notRunnable="0" notExecuted="0" disconnected="0" warning="0" completed="0" inProgress="0" pending="0" />
  </ResultSummary>
  <TestDefinitions>
    <UnitTest name="TestExecuteWithUpdate" storage="c:\workspace\simple.data\simple.data.integrationtest\bin\debug\simple.data.integrationtest.dll" id="4b24e998-b35a-830b-fc35-093f62d26c9a">
      <Execution id="4194e7b8-4f6a-4445-8885-bc1461397e62" />
      <TestMethod codeBase="C:/Workspace/Simple.Data/Simple.Data.IntegrationTest/bin/Debug/Simple.Data.IntegrationTest.DLL" adapterTypeName="Microsoft.VisualStudio.TestTools.TestTypes.Unit.UnitTestAdapter, Microsoft.VisualStudio.QualityTools.Tips.UnitTest.Adapter, Version=10.0.0.0, Culture=neutral, PublicKeyToken=b03f5f7f11d50a3a" className="Simple.Data.IntegrationTest.DatabaseTest, Simple.Data.IntegrationTest, Version=1.0.0.0, Culture=neutral, PublicKeyToken=null" name="TestExecuteWithUpdate" />
    </UnitTest>
    <UnitTest name="TestExecuteWithInsert" storage="c:\workspace\simple.data\simple.data.integrationtest\bin\debug\simple.data.integrationtest.dll" id="b6d1eb81-7e5c-f887-265c-0f9669ec1730">
      <Execution id="aa6ca43f-1cb3-4456-adcb-aa99bbf01f8f" />
      <TestMethod codeBase="C:/Workspace/Simple.Data/Simple.Data.IntegrationTest/bin/Debug/Simple.Data.IntegrationTest.DLL" adapterTypeName="Microsoft.VisualStudio.TestTools.TestTypes.Unit.UnitTestAdapter, Microsoft.VisualStudio.QualityTools.Tips.UnitTest.Adapter, Version=10.0.0.0, Culture=neutral, PublicKeyToken=b03f5f7f11d50a3a" className="Simple.Data.IntegrationTest.DatabaseTest, Simple.Data.IntegrationTest, Version=1.0.0.0, Culture=neutral, PublicKeyToken=null" name="TestExecuteWithInsert" />
    </UnitTest>
    <UnitTest name="TestFindAllByDynamic" storage="c:\workspace\simple.data\simple.data.integrationtest\bin\debug\simple.data.integrationtest.dll" id="516635d3-3c4f-f438-74aa-de7f3e1d68e0">
      <Execution id="6c56e350-6585-40c8-8803-95ee746b6cdf" />
      <TestMethod codeBase="C:/Workspace/Simple.Data/Simple.Data.IntegrationTest/bin/Debug/Simple.Data.IntegrationTest.DLL" adapterTypeName="Microsoft.VisualStudio.TestTools.TestTypes.Unit.UnitTestAdapter, Microsoft.VisualStudio.QualityTools.Tips.UnitTest.Adapter, Version=10.0.0.0, Culture=neutral, PublicKeyToken=b03f5f7f11d50a3a" className="Simple.Data.IntegrationTest.DatabaseTest, Simple.Data.IntegrationTest, Version=1.0.0.0, Culture=neutral, PublicKeyToken=null" name="TestFindAllByDynamic" />
    </UnitTest>
    <UnitTest name="TestInsertOnTable" storage="c:\workspace\simple.data\simple.data.integrationtest\bin\debug\simple.data.integrationtest.dll" id="7265f4db-0adf-7603-7550-7346df59599e">
      <Execution id="f1b6c47d-c7c9-4ab4-9d7c-066262053156" />
      <TestMethod codeBase="C:/Workspace/Simple.Data/Simple.Data.IntegrationTest/bin/Debug/Simple.Data.IntegrationTest.DLL" adapterTypeName="Microsoft.VisualStudio.TestTools.TestTypes.Unit.UnitTestAdapter, Microsoft.VisualStudio.QualityTools.Tips.UnitTest.Adapter, Version=10.0.0.0, Culture=neutral, PublicKeyToken=b03f5f7f11d50a3a" className="Simple.Data.IntegrationTest.DatabaseTest, Simple.Data.IntegrationTest, Version=1.0.0.0, Culture=neutral, PublicKeyToken=null" name="TestInsertOnTable" />
    </UnitTest>
    <UnitTest name="TestQuery" storage="c:\workspace\simple.data\simple.data.integrationtest\bin\debug\simple.data.integrationtest.dll" id="551c2f3b-edf8-3877-659d-9d1c5ef09420">
      <Execution id="a8f98add-3db9-40d3-8f18-53646c1201bf" />
      <TestMethod codeBase="C:/Workspace/Simple.Data/Simple.Data.IntegrationTest/bin/Debug/Simple.Data.IntegrationTest.DLL" adapterTypeName="Microsoft.VisualStudio.TestTools.TestTypes.Unit.UnitTestAdapter, Microsoft.VisualStudio.QualityTools.Tips.UnitTest.Adapter, Version=10.0.0.0, Culture=neutral, PublicKeyToken=b03f5f7f11d50a3a" className="Simple.Data.IntegrationTest.DatabaseTest, Simple.Data.IntegrationTest, Version=1.0.0.0, Culture=neutral, PublicKeyToken=null" name="TestQuery" />
    </UnitTest>
    <UnitTest name="TestFindByDynamicSingleColumn" storage="c:\workspace\simple.data\simple.data.integrationtest\bin\debug\simple.data.integrationtest.dll" id="e7b75366-a725-51e0-34a9-16a13606634b">
      <Execution id="41d691a5-c4e0-40d7-9c66-c4b018182c49" />
      <TestMethod codeBase="C:/Workspace/Simple.Data/Simple.Data.IntegrationTest/bin/Debug/Simple.Data.IntegrationTest.DLL" adapterTypeName="Microsoft.VisualStudio.TestTools.TestTypes.Unit.UnitTestAdapter, Microsoft.VisualStudio.QualityTools.Tips.UnitTest.Adapter, Version=10.0.0.0, Culture=neutral, PublicKeyToken=b03f5f7f11d50a3a" className="Simple.Data.IntegrationTest.DatabaseTest, Simple.Data.IntegrationTest, Version=1.0.0.0, Culture=neutral, PublicKeyToken=null" name="TestFindByDynamicSingleColumn" />
    </UnitTest>
    <UnitTest name="TestNamedArgumentInsertOnTable" storage="c:\workspace\simple.data\simple.data.integrationtest\bin\debug\simple.data.integrationtest.dll" id="079f1bd8-e7fc-de6d-4fb2-528e7a9adbd6">
      <Execution id="576eafa5-8640-4aaa-80bb-633ddad34972" />
      <TestMethod codeBase="C:/Workspace/Simple.Data/Simple.Data.IntegrationTest/bin/Debug/Simple.Data.IntegrationTest.DLL" adapterTypeName="Microsoft.VisualStudio.TestTools.TestTypes.Unit.UnitTestAdapter, Microsoft.VisualStudio.QualityTools.Tips.UnitTest.Adapter, Version=10.0.0.0, Culture=neutral, PublicKeyToken=b03f5f7f11d50a3a" className="Simple.Data.IntegrationTest.DatabaseTest, Simple.Data.IntegrationTest, Version=1.0.0.0, Culture=neutral, PublicKeyToken=null" name="TestNamedArgumentInsertOnTable" />
    </UnitTest>
    <UnitTest name="TestFindByDynamicTwoColumns" storage="c:\workspace\simple.data\simple.data.integrationtest\bin\debug\simple.data.integrationtest.dll" id="73d3f434-2d47-a6c2-40de-c1b8ccff6ca7">
      <Execution id="914777d3-1d9b-4c13-9a85-0d813b1a1b66" />
      <TestMethod codeBase="C:/Workspace/Simple.Data/Simple.Data.IntegrationTest/bin/Debug/Simple.Data.IntegrationTest.DLL" adapterTypeName="Microsoft.VisualStudio.TestTools.TestTypes.Unit.UnitTestAdapter, Microsoft.VisualStudio.QualityTools.Tips.UnitTest.Adapter, Version=10.0.0.0, Culture=neutral, PublicKeyToken=b03f5f7f11d50a3a" className="Simple.Data.IntegrationTest.DatabaseTest, Simple.Data.IntegrationTest, Version=1.0.0.0, Culture=neutral, PublicKeyToken=null" name="TestFindByDynamicTwoColumns" />
    </UnitTest>
    <UnitTest name="TestStronglyTypedQuery" storage="c:\workspace\simple.data\simple.data.integrationtest\bin\debug\simple.data.integrationtest.dll" id="c558273f-6f33-5cfc-1d47-418d87bbde6e">
      <Execution id="e61d44f8-38cf-4942-a80d-785fddaf8ac2" />
      <TestMethod codeBase="C:/Workspace/Simple.Data/Simple.Data.IntegrationTest/bin/Debug/Simple.Data.IntegrationTest.DLL" adapterTypeName="Microsoft.VisualStudio.TestTools.TestTypes.Unit.UnitTestAdapter, Microsoft.VisualStudio.QualityTools.Tips.UnitTest.Adapter, Version=10.0.0.0, Culture=neutral, PublicKeyToken=b03f5f7f11d50a3a" className="Simple.Data.IntegrationTest.DatabaseTest, Simple.Data.IntegrationTest, Version=1.0.0.0, Culture=neutral, PublicKeyToken=null" name="TestStronglyTypedQuery" />
    </UnitTest>
  </TestDefinitions>
  <TestLists>
    <TestList name="Results Not in a List" id="8c84fa94-04c1-424b-9868-57a2d4851a1d" />
    <TestList name="All Loaded Results" id="19431567-8539-422a-85d7-44ee4e166bda" />
  </TestLists>
  <TestEntries>
    <TestEntry testId="079f1bd8-e7fc-de6d-4fb2-528e7a9adbd6" executionId="576eafa5-8640-4aaa-80bb-633ddad34972" testListId="8c84fa94-04c1-424b-9868-57a2d4851a1d" />
    <TestEntry testId="4b24e998-b35a-830b-fc35-093f62d26c9a" executionId="4194e7b8-4f6a-4445-8885-bc1461397e62" testListId="8c84fa94-04c1-424b-9868-57a2d4851a1d" />
    <TestEntry testId="516635d3-3c4f-f438-74aa-de7f3e1d68e0" executionId="6c56e350-6585-40c8-8803-95ee746b6cdf" testListId="8c84fa94-04c1-424b-9868-57a2d4851a1d" />
    <TestEntry testId="551c2f3b-edf8-3877-659d-9d1c5ef09420" executionId="a8f98add-3db9-40d3-8f18-53646c1201bf" testListId="8c84fa94-04c1-424b-9868-57a2d4851a1d" />
    <TestEntry testId="7265f4db-0adf-7603-7550-7346df59599e" executionId="f1b6c47d-c7c9-4ab4-9d7c-066262053156" testListId="8c84fa94-04c1-424b-9868-57a2d4851a1d" />
    <TestEntry testId="73d3f434-2d47-a6c2-40de-c1b8ccff6ca7" executionId="914777d3-1d9b-4c13-9a85-0d813b1a1b66" testListId="8c84fa94-04c1-424b-9868-57a2d4851a1d" />
    <TestEntry testId="b6d1eb81-7e5c-f887-265c-0f9669ec1730" executionId="aa6ca43f-1cb3-4456-adcb-aa99bbf01f8f" testListId="8c84fa94-04c1-424b-9868-57a2d4851a1d" />
    <TestEntry testId="c558273f-6f33-5cfc-1d47-418d87bbde6e" executionId="e61d44f8-38cf-4942-a80d-785fddaf8ac2" testListId="8c84fa94-04c1-424b-9868-57a2d4851a1d" />
    <TestEntry testId="e7b75366-a725-51e0-34a9-16a13606634b" executionId="41d691a5-c4e0-40d7-9c66-c4b018182c49" testListId="8c84fa94-04c1-424b-9868-57a2d4851a1d" />
  </TestEntries>
  <Results>
    <UnitTestResult executionId="576eafa5-8640-4aaa-80bb-633ddad34972" testId="079f1bd8-e7fc-de6d-4fb2-528e7a9adbd6" testName="TestNamedArgumentInsertOnTable" computerName="MBP-WIN7" duration="00:00:00.0392562" startTime="2010-08-05T21:52:15.9710000+01:00" endTime="2010-08-05T21:52:16.2540000+01:00" testType="13cdc9d9-ddb5-4fa4-a97d-d965ccfc6d4b" outcome="Passed" testListId="8c84fa94-04c1-424b-9868-57a2d4851a1d" relativeResultsDirectory="576eafa5-8640-4aaa-80bb-633ddad34972">
    </UnitTestResult>
    <UnitTestResult executionId="4194e7b8-4f6a-4445-8885-bc1461397e62" testId="4b24e998-b35a-830b-fc35-093f62d26c9a" testName="TestExecuteWithUpdate" computerName="MBP-WIN7" duration="00:00:00.0146651" startTime="2010-08-05T21:52:16.2630000+01:00" endTime="2010-08-05T21:52:16.2910000+01:00" testType="13cdc9d9-ddb5-4fa4-a97d-d965ccfc6d4b" outcome="Passed" testListId="8c84fa94-04c1-424b-9868-57a2d4851a1d" relativeResultsDirectory="4194e7b8-4f6a-4445-8885-bc1461397e62">
    </UnitTestResult>
    <UnitTestResult executionId="6c56e350-6585-40c8-8803-95ee746b6cdf" testId="516635d3-3c4f-f438-74aa-de7f3e1d68e0" testName="TestFindAllByDynamic" computerName="MBP-WIN7" duration="00:00:00.0094267" startTime="2010-08-05T21:52:16.2980000+01:00" endTime="2010-08-05T21:52:16.3220000+01:00" testType="13cdc9d9-ddb5-4fa4-a97d-d965ccfc6d4b" outcome="Passed" testListId="8c84fa94-04c1-424b-9868-57a2d4851a1d" relativeResultsDirectory="6c56e350-6585-40c8-8803-95ee746b6cdf">
    </UnitTestResult>
    <UnitTestResult executionId="a8f98add-3db9-40d3-8f18-53646c1201bf" testId="551c2f3b-edf8-3877-659d-9d1c5ef09420" testName="TestQuery" computerName="MBP-WIN7" duration="00:00:00.0067581" startTime="2010-08-05T21:52:16.3340000+01:00" endTime="2010-08-05T21:52:16.3510000+01:00" testType="13cdc9d9-ddb5-4fa4-a97d-d965ccfc6d4b" outcome="Passed" testListId="8c84fa94-04c1-424b-9868-57a2d4851a1d" relativeResultsDirectory="a8f98add-3db9-40d3-8f18-53646c1201bf">
    </UnitTestResult>
    <UnitTestResult executionId="f1b6c47d-c7c9-4ab4-9d7c-066262053156" testId="7265f4db-0adf-7603-7550-7346df59599e" testName="TestInsertOnTable" computerName="MBP-WIN7" duration="00:00:00.0325460" startTime="2010-08-05T21:52:16.3640000+01:00" endTime="2010-08-05T21:52:16.4070000+01:00" testType="13cdc9d9-ddb5-4fa4-a97d-d965ccfc6d4b" outcome="Passed" testListId="8c84fa94-04c1-424b-9868-57a2d4851a1d" relativeResultsDirectory="f1b6c47d-c7c9-4ab4-9d7c-066262053156">
    </UnitTestResult>
    <UnitTestResult executionId="914777d3-1d9b-4c13-9a85-0d813b1a1b66" testId="73d3f434-2d47-a6c2-40de-c1b8ccff6ca7" testName="TestFindByDynamicTwoColumns" computerName="MBP-WIN7" duration="00:00:00.0085098" startTime="2010-08-05T21:52:16.4120000+01:00" endTime="2010-08-05T21:52:16.4350000+01:00" testType="13cdc9d9-ddb5-4fa4-a97d-d965ccfc6d4b" outcome="Passed" testListId="8c84fa94-04c1-424b-9868-57a2d4851a1d" relativeResultsDirectory="914777d3-1d9b-4c13-9a85-0d813b1a1b66">
    </UnitTestResult>
    <UnitTestResult executionId="aa6ca43f-1cb3-4456-adcb-aa99bbf01f8f" testId="b6d1eb81-7e5c-f887-265c-0f9669ec1730" testName="TestExecuteWithInsert" computerName="MBP-WIN7" duration="00:00:00.0021762" startTime="2010-08-05T21:52:16.4460000+01:00" endTime="2010-08-05T21:52:16.4550000+01:00" testType="13cdc9d9-ddb5-4fa4-a97d-d965ccfc6d4b" outcome="Passed" testListId="8c84fa94-04c1-424b-9868-57a2d4851a1d" relativeResultsDirectory="aa6ca43f-1cb3-4456-adcb-aa99bbf01f8f">
    </UnitTestResult>
    <UnitTestResult executionId="e61d44f8-38cf-4942-a80d-785fddaf8ac2" testId="c558273f-6f33-5cfc-1d47-418d87bbde6e" testName="TestStronglyTypedQuery" computerName="MBP-WIN7" duration="00:00:00.0212319" startTime="2010-08-05T21:52:16.4660000+01:00" endTime="2010-08-05T21:52:16.4930000+01:00" testType="13cdc9d9-ddb5-4fa4-a97d-d965ccfc6d4b" outcome="Passed" testListId="8c84fa94-04c1-424b-9868-57a2d4851a1d" relativeResultsDirectory="e61d44f8-38cf-4942-a80d-785fddaf8ac2">
    </UnitTestResult>
    <UnitTestResult executionId="41d691a5-c4e0-40d7-9c66-c4b018182c49" testId="e7b75366-a725-51e0-34a9-16a13606634b" testName="TestFindByDynamicSingleColumn" computerName="MBP-WIN7" duration="00:00:00.0031852" startTime="2010-08-05T21:52:16.4960000+01:00" endTime="2010-08-05T21:52:16.5070000+01:00" testType="13cdc9d9-ddb5-4fa4-a97d-d965ccfc6d4b" outcome="Passed" testListId="8c84fa94-04c1-424b-9868-57a2d4851a1d" relativeResultsDirectory="41d691a5-c4e0-40d7-9c66-c4b018182c49">
    </UnitTestResult>
  </Results>
</TestRun>