<?xml version="1.0" encoding="UTF-8"?>
<TestRun id="9a678c5f-0b20-4c91-9b31-f07807e6cb3f" name="Mark@MBP-WIN7 2010-08-05 21:53:56" runUser="MBP-Win7\Mark" xmlns="http://microsoft.com/schemas/VisualStudio/TeamTest/2010">
  <TestSettings name="Local" id="9521515a-ca67-4474-a3a5-0f6218187ced">
    <Description>These are default test settings for a local test run.</Description>
    <Deployment enabled="false" runDeploymentRoot="Mark_MBP-WIN7 2010-08-05 21_53_56">
      <DeploymentItem filename="C:\Workspace\Simple.Data\Simple.Data\bin\Debug\Simple.Data.dll" />
    </Deployment>
    <Execution>
      <TestTypeSpecific />
      <AgentRule name="Execution Agents">
      </AgentRule>
    </Execution>
  </TestSettings>
  <Times creation="2010-08-05T21:53:56.6680000+01:00" queuing="2010-08-05T21:53:56.6970000+01:00" start="2010-08-05T21:53:56.7120000+01:00" finish="2010-08-05T21:53:57.5100000+01:00" />
  <ResultSummary outcome="Completed">
    <Counters total="15" executed="15" passed="15" error="0" failed="0" timeout="0" aborted="0" inconclusive="0" passedButRunAborted="0" notRunnable="0" notExecuted="0" disconnected="0" warning="0" completed="0" inProgress="0" pending="0" />
  </ResultSummary>
  <TestDefinitions>
    <UnitTest name="TestFindByDynamicTwoColumns" storage="c:\workspace\simple.data\simple.data.integrationtest\bin\debug\simple.data.integrationtest.dll" id="73d3f434-2d47-a6c2-40de-c1b8ccff6ca7">
      <Execution id="b20647a6-e6ab-4724-8023-c57d28d8903c" />
      <TestMethod codeBase="C:/Workspace/Simple.Data/Simple.Data.IntegrationTest/bin/Debug/Simple.Data.IntegrationTest.DLL" adapterTypeName="Microsoft.VisualStudio.TestTools.TestTypes.Unit.UnitTestAdapter, Microsoft.VisualStudio.QualityTools.Tips.UnitTest.Adapter, Version=10.0.0.0, Culture=neutral, PublicKeyToken=b03f5f7f11d50a3a" className="Simple.Data.IntegrationTest.DatabaseTest, Simple.Data.IntegrationTest, Version=1.0.0.0, Culture=neutral, PublicKeyToken=null" name="TestFindByDynamicTwoColumns" />
    </UnitTest>
    <UnitTest name="TestExecuteWithUpdate" storage="c:\workspace\simple.data\simple.data.integrationtest\bin\debug\simple.data.integrationtest.dll" id="4b24e998-b35a-830b-fc35-093f62d26c9a">
      <Execution id="f1a906dd-6be8-46bd-a1ec-94da87b7d0d4" />
      <TestMethod codeBase="C:/Workspace/Simple.Data/Simple.Data.IntegrationTest/bin/Debug/Simple.Data.IntegrationTest.DLL" adapterTypeName="Microsoft.VisualStudio.TestTools.TestTypes.Unit.UnitTestAdapter, Microsoft.VisualStudio.QualityTools.Tips.UnitTest.Adapter, Version=10.0.0.0, Culture=neutral, PublicKeyToken=b03f5f7f11d50a3a" className="Simple.Data.IntegrationTest.DatabaseTest, Simple.Data.IntegrationTest, Version=1.0.0.0, Culture=neutral, PublicKeyToken=null" name="TestExecuteWithUpdate" />
    </UnitTest>
    <UnitTest name="PascalToSnakeTest" storage="c:\workspace\simple.data\simple.data.test\bin\debug\simple.data.unittest.dll" id="fe2fb2de-26bc-cbec-7b45-76b8db24521f">
      <Execution id="f9bef5ef-0c49-434a-8e22-b633d755aa58" />
      <TestMethod codeBase="C:/Workspace/Simple.Data/Simple.Data.Test/bin/Debug/Simple.Data.UnitTest.DLL" adapterTypeName="Microsoft.VisualStudio.TestTools.TestTypes.Unit.UnitTestAdapter, Microsoft.VisualStudio.QualityTools.Tips.UnitTest.Adapter, Version=10.0.0.0, Culture=neutral, PublicKeyToken=b03f5f7f11d50a3a" className="Simple.Data.UnitTest.DynamicStringExtensionsTest, Simple.Data.UnitTest, Version=1.0.0.0, Culture=neutral, PublicKeyToken=null" name="PascalToSnakeTest" />
    </UnitTest>
    <UnitTest name="TestExecuteWithInsert" storage="c:\workspace\simple.data\simple.data.integrationtest\bin\debug\simple.data.integrationtest.dll" id="b6d1eb81-7e5c-f887-265c-0f9669ec1730">
      <Execution id="0adc61f6-bfca-4df8-93fa-21de9d57652d" />
      <TestMethod codeBase="C:/Workspace/Simple.Data/Simple.Data.IntegrationTest/bin/Debug/Simple.Data.IntegrationTest.DLL" adapterTypeName="Microsoft.VisualStudio.TestTools.TestTypes.Unit.UnitTestAdapter, Microsoft.VisualStudio.QualityTools.Tips.UnitTest.Adapter, Version=10.0.0.0, Culture=neutral, PublicKeyToken=b03f5f7f11d50a3a" className="Simple.Data.IntegrationTest.DatabaseTest, Simple.Data.IntegrationTest, Version=1.0.0.0, Culture=neutral, PublicKeyToken=null" name="TestExecuteWithInsert" />
    </UnitTest>
    <UnitTest name="GetFindBySqlTest" storage="c:\workspace\simple.data\simple.data.test\bin\debug\simple.data.unittest.dll" id="506f1f97-46be-31e7-d307-9da57ec7ed4c">
      <Execution id="914f6cde-2a4a-4b34-a18f-e2c94de54499" />
      <TestMethod codeBase="C:/Workspace/Simple.Data/Simple.Data.Test/bin/Debug/Simple.Data.UnitTest.DLL" adapterTypeName="Microsoft.VisualStudio.TestTools.TestTypes.Unit.UnitTestAdapter, Microsoft.VisualStudio.QualityTools.Tips.UnitTest.Adapter, Version=10.0.0.0, Culture=neutral, PublicKeyToken=b03f5f7f11d50a3a" className="Simple.Data.UnitTest.DynamicTableTest, Simple.Data.UnitTest, Version=1.0.0.0, Culture=neutral, PublicKeyToken=null" name="GetFindBySqlTest" />
    </UnitTest>
    <UnitTest name="DynamicCastTest" storage="c:\workspace\simple.data\simple.data.test\bin\debug\simple.data.unittest.dll" id="8cf518ad-12b6-2e87-6c80-93e1f615dc52">
      <Execution id="261c9455-6c70-4e7d-8468-a7e00e5c2814" />
      <TestMethod codeBase="C:/Workspace/Simple.Data/Simple.Data.Test/bin/Debug/Simple.Data.UnitTest.DLL" adapterTypeName="Microsoft.VisualStudio.TestTools.TestTypes.Unit.UnitTestAdapter, Microsoft.VisualStudio.QualityTools.Tips.UnitTest.Adapter, Version=10.0.0.0, Culture=neutral, PublicKeyToken=b03f5f7f11d50a3a" className="Simple.Data.UnitTest.DynamicRecordTest, Simple.Data.UnitTest, Version=1.0.0.0, Culture=neutral, PublicKeyToken=null" name="DynamicCastTest" />
    </UnitTest>
    <UnitTest name="TestStronglyTypedQuery" storage="c:\workspace\simple.data\simple.data.integrationtest\bin\debug\simple.data.integrationtest.dll" id="c558273f-6f33-5cfc-1d47-418d87bbde6e">
      <Execution id="52f2daaf-35f8-4651-88bd-35bc7806c651" />
      <TestMethod codeBase="C:/Workspace/Simple.Data/Simple.Data.IntegrationTest/bin/Debug/Simple.Data.IntegrationTest.DLL" adapterTypeName="Microsoft.VisualStudio.TestTools.TestTypes.Unit.UnitTestAdapter, Microsoft.VisualStudio.QualityTools.Tips.UnitTest.Adapter, Version=10.0.0.0, Culture=neutral, PublicKeyToken=b03f5f7f11d50a3a" className="Simple.Data.IntegrationTest.DatabaseTest, Simple.Data.IntegrationTest, Version=1.0.0.0, Culture=neutral, PublicKeyToken=null" name="TestStronglyTypedQuery" />
    </UnitTest>
    <UnitTest name="DynamicRecordDictionaryConstructorTest" storage="c:\workspace\simple.data\simple.data.test\bin\debug\simple.data.unittest.dll" id="e322e148-11a0-8148-0a94-9c13d2b4ea47">
      <Execution id="cabe053e-c11a-4af6-b030-e414bea0ece5" />
      <TestMethod codeBase="C:/Workspace/Simple.Data/Simple.Data.Test/bin/Debug/Simple.Data.UnitTest.DLL" adapterTypeName="Microsoft.VisualStudio.TestTools.TestTypes.Unit.UnitTestAdapter, Microsoft.VisualStudio.QualityTools.Tips.UnitTest.Adapter, Version=10.0.0.0, Culture=neutral, PublicKeyToken=b03f5f7f11d50a3a" className="Simple.Data.UnitTest.DynamicRecordTest, Simple.Data.UnitTest, Version=1.0.0.0, Culture=neutral, PublicKeyToken=null" name="DynamicRecordDictionaryConstructorTest" />
    </UnitTest>
    <UnitTest name="TestInsertOnTable" storage="c:\workspace\simple.data\simple.data.integrationtest\bin\debug\simple.data.integrationtest.dll" id="7265f4db-0adf-7603-7550-7346df59599e">
      <Execution id="f0e24b65-7cb0-4401-a99a-06ea1630c61a" />
      <TestMethod codeBase="C:/Workspace/Simple.Data/Simple.Data.IntegrationTest/bin/Debug/Simple.Data.IntegrationTest.DLL" adapterTypeName="Microsoft.VisualStudio.TestTools.TestTypes.Unit.UnitTestAdapter, Microsoft.VisualStudio.QualityTools.Tips.UnitTest.Adapter, Version=10.0.0.0, Culture=neutral, PublicKeyToken=b03f5f7f11d50a3a" className="Simple.Data.IntegrationTest.DatabaseTest, Simple.Data.IntegrationTest, Version=1.0.0.0, Culture=neutral, PublicKeyToken=null" name="TestInsertOnTable" />
    </UnitTest>
    <UnitTest name="TestQuery" storage="c:\workspace\simple.data\simple.data.integrationtest\bin\debug\simple.data.integrationtest.dll" id="551c2f3b-edf8-3877-659d-9d1c5ef09420">
      <Execution id="35e96ba1-792c-4184-8364-4eba5e8317d3" />
      <TestMethod codeBase="C:/Workspace/Simple.Data/Simple.Data.IntegrationTest/bin/Debug/Simple.Data.IntegrationTest.DLL" adapterTypeName="Microsoft.VisualStudio.TestTools.TestTypes.Unit.UnitTestAdapter, Microsoft.VisualStudio.QualityTools.Tips.UnitTest.Adapter, Version=10.0.0.0, Culture=neutral, PublicKeyToken=b03f5f7f11d50a3a" className="Simple.Data.IntegrationTest.DatabaseTest, Simple.Data.IntegrationTest, Version=1.0.0.0, Culture=neutral, PublicKeyToken=null" name="TestQuery" />
    </UnitTest>
    <UnitTest name="GetFindByColumnsTest" storage="c:\workspace\simple.data\simple.data.test\bin\debug\simple.data.unittest.dll" id="724733ea-f606-5449-b333-fba278c71e9c">
      <Execution id="846ad631-870d-4473-aa79-fb51100073bd" />
      <TestMethod codeBase="C:/Workspace/Simple.Data/Simple.Data.Test/bin/Debug/Simple.Data.UnitTest.DLL" adapterTypeName="Microsoft.VisualStudio.TestTools.TestTypes.Unit.UnitTestAdapter, Microsoft.VisualStudio.QualityTools.Tips.UnitTest.Adapter, Version=10.0.0.0, Culture=neutral, PublicKeyToken=b03f5f7f11d50a3a" className="Simple.Data.UnitTest.DynamicTableTest, Simple.Data.UnitTest, Version=1.0.0.0, Culture=neutral, PublicKeyToken=null" name="GetFindByColumnsTest" />
    </UnitTest>
    <UnitTest name="TestFindAllByDynamic" storage="c:\workspace\simple.data\simple.data.integrationtest\bin\debug\simple.data.integrationtest.dll" id="516635d3-3c4f-f438-74aa-de7f3e1d68e0">
      <Execution id="674cf18d-e7cd-42a5-a1b8-472ade78286d" />
      <TestMethod codeBase="C:/Workspace/Simple.Data/Simple.Data.IntegrationTest/bin/Debug/Simple.Data.IntegrationTest.DLL" adapterTypeName="Microsoft.VisualStudio.TestTools.TestTypes.Unit.UnitTestAdapter, Microsoft.VisualStudio.QualityTools.Tips.UnitTest.Adapter, Version=10.0.0.0, Culture=neutral, PublicKeyToken=b03f5f7f11d50a3a" className="Simple.Data.IntegrationTest.DatabaseTest, Simple.Data.IntegrationTest, Version=1.0.0.0, Culture=neutral, PublicKeyToken=null" name="TestFindAllByDynamic" />
    </UnitTest>
    <UnitTest name="TestFindByDynamicSingleColumn" storage="c:\workspace\simple.data\simple.data.integrationtest\bin\debug\simple.data.integrationtest.dll" id="e7b75366-a725-51e0-34a9-16a13606634b">
      <Execution id="30634c72-8758-4885-8e02-8ae6fed75391" />
      <TestMethod codeBase="C:/Workspace/Simple.Data/Simple.Data.IntegrationTest/bin/Debug/Simple.Data.IntegrationTest.DLL" adapterTypeName="Microsoft.VisualStudio.TestTools.TestTypes.Unit.UnitTestAdapter, Microsoft.VisualStudio.QualityTools.Tips.UnitTest.Adapter, Version=10.0.0.0, Culture=neutral, PublicKeyToken=b03f5f7f11d50a3a" className="Simple.Data.IntegrationTest.DatabaseTest, Simple.Data.IntegrationTest, Version=1.0.0.0, Culture=neutral, PublicKeyToken=null" name="TestFindByDynamicSingleColumn" />
    </UnitTest>
    <UnitTest name="TestNamedArgumentInsertOnTable" storage="c:\workspace\simple.data\simple.data.integrationtest\bin\debug\simple.data.integrationtest.dll" id="079f1bd8-e7fc-de6d-4fb2-528e7a9adbd6">
      <Execution id="12c66aaf-c1b7-4177-b360-2c3e0a96a8b5" />
      <TestMethod codeBase="C:/Workspace/Simple.Data/Simple.Data.IntegrationTest/bin/Debug/Simple.Data.IntegrationTest.DLL" adapterTypeName="Microsoft.VisualStudio.TestTools.TestTypes.Unit.UnitTestAdapter, Microsoft.VisualStudio.QualityTools.Tips.UnitTest.Adapter, Version=10.0.0.0, Culture=neutral, PublicKeyToken=b03f5f7f11d50a3a" className="Simple.Data.IntegrationTest.DatabaseTest, Simple.Data.IntegrationTest, Version=1.0.0.0, Culture=neutral, PublicKeyToken=null" name="TestNamedArgumentInsertOnTable" />
    </UnitTest>
    <UnitTest name="DynamicRecordSetterTest" storage="c:\workspace\simple.data\simple.data.test\bin\debug\simple.data.unittest.dll" id="c0a25756-bb74-25b8-19eb-4ff44c47482d">
      <Execution id="691ff455-8dfa-41cd-89d8-6472a5c35da0" />
      <TestMethod codeBase="C:/Workspace/Simple.Data/Simple.Data.Test/bin/Debug/Simple.Data.UnitTest.DLL" adapterTypeName="Microsoft.VisualStudio.TestTools.TestTypes.Unit.UnitTestAdapter, Microsoft.VisualStudio.QualityTools.Tips.UnitTest.Adapter, Version=10.0.0.0, Culture=neutral, PublicKeyToken=b03f5f7f11d50a3a" className="Simple.Data.UnitTest.DynamicRecordTest, Simple.Data.UnitTest, Version=1.0.0.0, Culture=neutral, PublicKeyToken=null" name="DynamicRecordSetterTest" />
    </UnitTest>
  </TestDefinitions>
  <TestLists>
    <TestList name="Results Not in a List" id="8c84fa94-04c1-424b-9868-57a2d4851a1d" />
    <TestList name="All Loaded Results" id="19431567-8539-422a-85d7-44ee4e166bda" />
  </TestLists>
  <TestEntries>
    <TestEntry testId="079f1bd8-e7fc-de6d-4fb2-528e7a9adbd6" executionId="12c66aaf-c1b7-4177-b360-2c3e0a96a8b5" testListId="8c84fa94-04c1-424b-9868-57a2d4851a1d" />
    <TestEntry testId="4b24e998-b35a-830b-fc35-093f62d26c9a" executionId="f1a906dd-6be8-46bd-a1ec-94da87b7d0d4" testListId="8c84fa94-04c1-424b-9868-57a2d4851a1d" />
    <TestEntry testId="506f1f97-46be-31e7-d307-9da57ec7ed4c" executionId="914f6cde-2a4a-4b34-a18f-e2c94de54499" testListId="8c84fa94-04c1-424b-9868-57a2d4851a1d" />
    <TestEntry testId="516635d3-3c4f-f438-74aa-de7f3e1d68e0" executionId="674cf18d-e7cd-42a5-a1b8-472ade78286d" testListId="8c84fa94-04c1-424b-9868-57a2d4851a1d" />
    <TestEntry testId="551c2f3b-edf8-3877-659d-9d1c5ef09420" executionId="35e96ba1-792c-4184-8364-4eba5e8317d3" testListId="8c84fa94-04c1-424b-9868-57a2d4851a1d" />
    <TestEntry testId="724733ea-f606-5449-b333-fba278c71e9c" executionId="846ad631-870d-4473-aa79-fb51100073bd" testListId="8c84fa94-04c1-424b-9868-57a2d4851a1d" />
    <TestEntry testId="7265f4db-0adf-7603-7550-7346df59599e" executionId="f0e24b65-7cb0-4401-a99a-06ea1630c61a" testListId="8c84fa94-04c1-424b-9868-57a2d4851a1d" />
    <TestEntry testId="73d3f434-2d47-a6c2-40de-c1b8ccff6ca7" executionId="b20647a6-e6ab-4724-8023-c57d28d8903c" testListId="8c84fa94-04c1-424b-9868-57a2d4851a1d" />
    <TestEntry testId="8cf518ad-12b6-2e87-6c80-93e1f615dc52" executionId="261c9455-6c70-4e7d-8468-a7e00e5c2814" testListId="8c84fa94-04c1-424b-9868-57a2d4851a1d" />
    <TestEntry testId="b6d1eb81-7e5c-f887-265c-0f9669ec1730" executionId="0adc61f6-bfca-4df8-93fa-21de9d57652d" testListId="8c84fa94-04c1-424b-9868-57a2d4851a1d" />
    <TestEntry testId="c0a25756-bb74-25b8-19eb-4ff44c47482d" executionId="691ff455-8dfa-41cd-89d8-6472a5c35da0" testListId="8c84fa94-04c1-424b-9868-57a2d4851a1d" />
    <TestEntry testId="c558273f-6f33-5cfc-1d47-418d87bbde6e" executionId="52f2daaf-35f8-4651-88bd-35bc7806c651" testListId="8c84fa94-04c1-424b-9868-57a2d4851a1d" />
    <TestEntry testId="e322e148-11a0-8148-0a94-9c13d2b4ea47" executionId="cabe053e-c11a-4af6-b030-e414bea0ece5" testListId="8c84fa94-04c1-424b-9868-57a2d4851a1d" />
    <TestEntry testId="e7b75366-a725-51e0-34a9-16a13606634b" executionId="30634c72-8758-4885-8e02-8ae6fed75391" testListId="8c84fa94-04c1-424b-9868-57a2d4851a1d" />
    <TestEntry testId="fe2fb2de-26bc-cbec-7b45-76b8db24521f" executionId="f9bef5ef-0c49-434a-8e22-b633d755aa58" testListId="8c84fa94-04c1-424b-9868-57a2d4851a1d" />
  </TestEntries>
  <Results>
    <UnitTestResult executionId="12c66aaf-c1b7-4177-b360-2c3e0a96a8b5" testId="079f1bd8-e7fc-de6d-4fb2-528e7a9adbd6" testName="TestNamedArgumentInsertOnTable" computerName="MBP-WIN7" duration="00:00:00.0304401" startTime="2010-08-05T21:53:56.7250000+01:00" endTime="2010-08-05T21:53:56.9880000+01:00" testType="13cdc9d9-ddb5-4fa4-a97d-d965ccfc6d4b" outcome="Passed" testListId="8c84fa94-04c1-424b-9868-57a2d4851a1d" relativeResultsDirectory="12c66aaf-c1b7-4177-b360-2c3e0a96a8b5">
    </UnitTestResult>
    <UnitTestResult executionId="f1a906dd-6be8-46bd-a1ec-94da87b7d0d4" testId="4b24e998-b35a-830b-fc35-093f62d26c9a" testName="TestExecuteWithUpdate" computerName="MBP-WIN7" duration="00:00:00.0121996" startTime="2010-08-05T21:53:56.9980000+01:00" endTime="2010-08-05T21:53:57.0170000+01:00" testType="13cdc9d9-ddb5-4fa4-a97d-d965ccfc6d4b" outcome="Passed" testListId="8c84fa94-04c1-424b-9868-57a2d4851a1d" relativeResultsDirectory="f1a906dd-6be8-46bd-a1ec-94da87b7d0d4">
    </UnitTestResult>
    <UnitTestResult executionId="914f6cde-2a4a-4b34-a18f-e2c94de54499" testId="506f1f97-46be-31e7-d307-9da57ec7ed4c" testName="GetFindBySqlTest" computerName="MBP-WIN7" duration="00:00:00.0165789" startTime="2010-08-05T21:53:57.0220000+01:00" endTime="2010-08-05T21:53:57.2870000+01:00" testType="13cdc9d9-ddb5-4fa4-a97d-d965ccfc6d4b" outcome="Passed" testListId="8c84fa94-04c1-424b-9868-57a2d4851a1d" relativeResultsDirectory="914f6cde-2a4a-4b34-a18f-e2c94de54499">
    </UnitTestResult>
    <UnitTestResult executionId="674cf18d-e7cd-42a5-a1b8-472ade78286d" testId="516635d3-3c4f-f438-74aa-de7f3e1d68e0" testName="TestFindAllByDynamic" computerName="MBP-WIN7" duration="00:00:00.0078513" startTime="2010-08-05T21:53:57.2940000+01:00" endTime="2010-08-05T21:53:57.3080000+01:00" testType="13cdc9d9-ddb5-4fa4-a97d-d965ccfc6d4b" outcome="Passed" testListId="8c84fa94-04c1-424b-9868-57a2d4851a1d" relativeResultsDirectory="674cf18d-e7cd-42a5-a1b8-472ade78286d">
    </UnitTestResult>
    <UnitTestResult executionId="35e96ba1-792c-4184-8364-4eba5e8317d3" testId="551c2f3b-edf8-3877-659d-9d1c5ef09420" testName="TestQuery" computerName="MBP-WIN7" duration="00:00:00.0026986" startTime="2010-08-05T21:53:57.3110000+01:00" endTime="2010-08-05T21:53:57.3180000+01:00" testType="13cdc9d9-ddb5-4fa4-a97d-d965ccfc6d4b" outcome="Passed" testListId="8c84fa94-04c1-424b-9868-57a2d4851a1d" relativeResultsDirectory="35e96ba1-792c-4184-8364-4eba5e8317d3">
    </UnitTestResult>
    <UnitTestResult executionId="846ad631-870d-4473-aa79-fb51100073bd" testId="724733ea-f606-5449-b333-fba278c71e9c" testName="GetFindByColumnsTest" computerName="MBP-WIN7" duration="00:00:00.0003558" startTime="2010-08-05T21:53:57.3220000+01:00" endTime="2010-08-05T21:53:57.3270000+01:00" testType="13cdc9d9-ddb5-4fa4-a97d-d965ccfc6d4b" outcome="Passed" testListId="8c84fa94-04c1-424b-9868-57a2d4851a1d" relativeResultsDirectory="846ad631-870d-4473-aa79-fb51100073bd">
    </UnitTestResult>
    <UnitTestResult executionId="f0e24b65-7cb0-4401-a99a-06ea1630c61a" testId="7265f4db-0adf-7603-7550-7346df59599e" testName="TestInsertOnTable" computerName="MBP-WIN7" duration="00:00:00.0059980" startTime="2010-08-05T21:53:57.3300000+01:00" endTime="2010-08-05T21:53:57.3400000+01:00" testType="13cdc9d9-ddb5-4fa4-a97d-d965ccfc6d4b" outcome="Passed" testListId="8c84fa94-04c1-424b-9868-57a2d4851a1d" relativeResultsDirectory="f0e24b65-7cb0-4401-a99a-06ea1630c61a">
    </UnitTestResult>
    <UnitTestResult executionId="b20647a6-e6ab-4724-8023-c57d28d8903c" testId="73d3f434-2d47-a6c2-40de-c1b8ccff6ca7" testName="TestFindByDynamicTwoColumns" computerName="MBP-WIN7" duration="00:00:00.0033859" startTime="2010-08-05T21:53:57.3450000+01:00" endTime="2010-08-05T21:53:57.3530000+01:00" testType="13cdc9d9-ddb5-4fa4-a97d-d965ccfc6d4b" outcome="Passed" testListId="8c84fa94-04c1-424b-9868-57a2d4851a1d" relativeResultsDirectory="b20647a6-e6ab-4724-8023-c57d28d8903c">
    </UnitTestResult>
    <UnitTestResult executionId="261c9455-6c70-4e7d-8468-a7e00e5c2814" testId="8cf518ad-12b6-2e87-6c80-93e1f615dc52" testName="DynamicCastTest" computerName="MBP-WIN7" duration="00:00:00.0105816" startTime="2010-08-05T21:53:57.3560000+01:00" endTime="2010-08-05T21:53:57.3720000+01:00" testType="13cdc9d9-ddb5-4fa4-a97d-d965ccfc6d4b" outcome="Passed" testListId="8c84fa94-04c1-424b-9868-57a2d4851a1d" relativeResultsDirectory="261c9455-6c70-4e7d-8468-a7e00e5c2814">
    </UnitTestResult>
    <UnitTestResult executionId="0adc61f6-bfca-4df8-93fa-21de9d57652d" testId="b6d1eb81-7e5c-f887-265c-0f9669ec1730" testName="TestExecuteWithInsert" computerName="MBP-WIN7" duration="00:00:00.0020311" startTime="2010-08-05T21:53:57.3770000+01:00" endTime="2010-08-05T21:53:57.3840000+01:00" testType="13cdc9d9-ddb5-4fa4-a97d-d965ccfc6d4b" outcome="Passed" testListId="8c84fa94-04c1-424b-9868-57a2d4851a1d" relativeResultsDirectory="0adc61f6-bfca-4df8-93fa-21de9d57652d">
    </UnitTestResult>
    <UnitTestResult executionId="691ff455-8dfa-41cd-89d8-6472a5c35da0" testId="c0a25756-bb74-25b8-19eb-4ff44c47482d" testName="DynamicRecordSetterTest" computerName="MBP-WIN7" duration="00:00:00.0261019" startTime="2010-08-05T21:53:57.3880000+01:00" endTime="2010-08-05T21:53:57.4190000+01:00" testType="13cdc9d9-ddb5-4fa4-a97d-d965ccfc6d4b" outcome="Passed" testListId="8c84fa94-04c1-424b-9868-57a2d4851a1d" relativeResultsDirectory="691ff455-8dfa-41cd-89d8-6472a5c35da0">
    </UnitTestResult>
    <UnitTestResult executionId="52f2daaf-35f8-4651-88bd-35bc7806c651" testId="c558273f-6f33-5cfc-1d47-418d87bbde6e" testName="TestStronglyTypedQuery" computerName="MBP-WIN7" duration="00:00:00.0109639" startTime="2010-08-05T21:53:57.4220000+01:00" endTime="2010-08-05T21:53:57.4400000+01:00" testType="13cdc9d9-ddb5-4fa4-a97d-d965ccfc6d4b" outcome="Passed" testListId="8c84fa94-04c1-424b-9868-57a2d4851a1d" relativeResultsDirectory="52f2daaf-35f8-4651-88bd-35bc7806c651">
    </UnitTestResult>
    <UnitTestResult executionId="cabe053e-c11a-4af6-b030-e414bea0ece5" testId="e322e148-11a0-8148-0a94-9c13d2b4ea47" testName="DynamicRecordDictionaryConstructorTest" computerName="MBP-WIN7" duration="00:00:00.0054374" startTime="2010-08-05T21:53:57.4420000+01:00" endTime="2010-08-05T21:53:57.4530000+01:00" testType="13cdc9d9-ddb5-4fa4-a97d-d965ccfc6d4b" outcome="Passed" testListId="8c84fa94-04c1-424b-9868-57a2d4851a1d" relativeResultsDirectory="cabe053e-c11a-4af6-b030-e414bea0ece5">
    </UnitTestResult>
    <UnitTestResult executionId="30634c72-8758-4885-8e02-8ae6fed75391" testId="e7b75366-a725-51e0-34a9-16a13606634b" testName="TestFindByDynamicSingleColumn" computerName="MBP-WIN7" duration="00:00:00.0028704" startTime="2010-08-05T21:53:57.4590000+01:00" endTime="2010-08-05T21:53:57.4670000+01:00" testType="13cdc9d9-ddb5-4fa4-a97d-d965ccfc6d4b" outcome="Passed" testListId="8c84fa94-04c1-424b-9868-57a2d4851a1d" relativeResultsDirectory="30634c72-8758-4885-8e02-8ae6fed75391">
    </UnitTestResult>
    <UnitTestResult executionId="f9bef5ef-0c49-434a-8e22-b633d755aa58" testId="fe2fb2de-26bc-cbec-7b45-76b8db24521f" testName="PascalToSnakeTest" computerName="MBP-WIN7" duration="00:00:00.0002790" startTime="2010-08-05T21:53:57.4690000+01:00" endTime="2010-08-05T21:53:57.4750000+01:00" testType="13cdc9d9-ddb5-4fa4-a97d-d965ccfc6d4b" outcome="Passed" testListId="8c84fa94-04c1-424b-9868-57a2d4851a1d" relativeResultsDirectory="f9bef5ef-0c49-434a-8e22-b633d755aa58">
    </UnitTestResult>
  </Results>
</TestRun>