<?xml version="1.0" encoding="UTF-8"?>
<TestRun id="251d1d50-978e-4f25-9d7d-1440ef44812c" name="Mark@MBP-WIN7 2010-08-05 20:25:11" runUser="MBP-Win7\Mark" xmlns="http://microsoft.com/schemas/VisualStudio/TeamTest/2010">
  <TestSettings name="Default Test Settings" id="ab19bcce-e26b-4fd0-92d0-19ce7f1402ee">
    <Deployment runDeploymentRoot="Mark_MBP-WIN7 2010-08-05 20_25_11">
      <DeploymentItem filename="C:\Workspace\Simple.Data\Simple.Data\bin\Debug\Simple.Data.dll" />
    </Deployment>
    <Execution>
      <TestTypeSpecific />
      <AgentRule name="Execution Agents">
      </AgentRule>
    </Execution>
  </TestSettings>
  <Times creation="2010-08-05T20:25:11.8700000+01:00" queuing="2010-08-05T20:25:12.7990000+01:00" start="2010-08-05T20:25:12.8770000+01:00" finish="2010-08-05T20:25:13.7230000+01:00" />
  <ResultSummary outcome="Failed">
    <Counters total="1" executed="1" error="0" failed="1" timeout="0" aborted="0" inconclusive="0" passedButRunAborted="0" notRunnable="0" notExecuted="0" disconnected="0" warning="0" passed="0" completed="0" inProgress="0" pending="0" />
  </ResultSummary>
  <TestDefinitions>
    <UnitTest name="DynamicRecordDictionaryConstructorTest" storage="c:\workspace\simple.data\simple.data.test\bin\debug\simple.data.test.dll" id="5c2ab417-f0f8-d0d5-6690-93d779310f36">
      <Execution id="f7b0c5ff-ae44-4e0e-b171-364fcfbbc4ee" />
      <TestMethod codeBase="C:/Workspace/Simple.Data/Simple.Data.Test/bin/Debug/Simple.Data.Test.DLL" adapterTypeName="Microsoft.VisualStudio.TestTools.TestTypes.Unit.UnitTestAdapter, Microsoft.VisualStudio.QualityTools.Tips.UnitTest.Adapter, Version=10.0.0.0, Culture=neutral, PublicKeyToken=b03f5f7f11d50a3a" className="Simple.Data.Test.DynamicRecordTest, Simple.Data.Test, Version=1.0.0.0, Culture=neutral, PublicKeyToken=null" name="DynamicRecordDictionaryConstructorTest" />
    </UnitTest>
  </TestDefinitions>
  <TestLists>
    <TestList name="Results Not in a List" id="8c84fa94-04c1-424b-9868-57a2d4851a1d" />
    <TestList name="All Loaded Results" id="19431567-8539-422a-85d7-44ee4e166bda" />
  </TestLists>
  <TestEntries>
    <TestEntry testId="5c2ab417-f0f8-d0d5-6690-93d779310f36" executionId="f7b0c5ff-ae44-4e0e-b171-364fcfbbc4ee" testListId="8c84fa94-04c1-424b-9868-57a2d4851a1d" />
  </TestEntries>
  <Results>
    <UnitTestResult executionId="f7b0c5ff-ae44-4e0e-b171-364fcfbbc4ee" testId="5c2ab417-f0f8-d0d5-6690-93d779310f36" testName="DynamicRecordDictionaryConstructorTest" computerName="MBP-WIN7" duration="00:00:00.2503285" startTime="2010-08-05T20:25:12.9220000+01:00" endTime="2010-08-05T20:25:13.6860000+01:00" testType="13cdc9d9-ddb5-4fa4-a97d-d965ccfc6d4b" outcome="Failed" testListId="8c84fa94-04c1-424b-9868-57a2d4851a1d" relativeResultsDirectory="f7b0c5ff-ae44-4e0e-b171-364fcfbbc4ee">
      <Output>
        <ErrorInfo>
          <Message>Assert.AreEqual failed. Expected:&lt;42 (System.Int32)&gt;. Actual:&lt;42 (System.String)&gt;. </Message>
          <StackTrace>   at CallSite.Target(Closure , CallSite , Type , Int32 , Object )
   at System.Dynamic.UpdateDelegates.UpdateAndExecuteVoid3[T0,T1,T2](CallSite site, T0 arg0, T1 arg1, T2 arg2)
   at Simple.Data.Test.DynamicRecordTest.DynamicRecordDictionaryConstructorTest() in C:\Workspace\Simple.Data\Simple.Data.Test\DynamicRecordTest.cs:line 30
</StackTrace>
        </ErrorInfo>
      </Output>
    </UnitTestResult>
  </Results>
</TestRun>